 genc git:(main) git init
Reinitialized existing Git repository in /home/swassy/Documents/genc/.git/
➜  genc git:(main) git add README.md
fatal: pathspec 'README.md' did not match any files
➜  genc git:(main) git commit -m "first commit"
On branch main

Initial commit

nothing to commit (create/copy files and use "git add" to track)
➜  genc git:(main) git branch -M main
➜  genc git:(main) git remote add origin https://github.com/Swassyman/Digital-Nurture-JAVA-FSE-Solutions.git
error: remote origin already exists.
➜  genc git:(main) git push -u origin main~
fatal: invalid refspec 'main~'
➜  genc git:(main) echo "# Digital-Nurture-JAVA-FSE-Solutions" >> README.md
git init
git add README.md
➜  genc git:(main) git version
git version 2.54.0
➜  genc git:(main) git config --global user.name "Swassyman"
➜  genc git:(main) git config --global user.email "swassyman2005@gmail.com"
➜  genc git:(main) git config --global --list
➜  genc git:(main) git config --global -e
hint: Waiting for your editor to close the file...
zsh:1: command not found: q

shell returned 127

Press ENTER or type command to continue
➜  genc git:(main) git init
Reinitialized existing Git repository in /home/swassy/Documents/genc/.git/
➜  genc git:(main) ls -al
total 4
drwxr-xr-x 1 swassy swassy   38 Jun 18 16:33  .
drwxr-xr-x 1 swassy swassy 1242 Jun 18 13:37  ..
drwxr-xr-x 1 swassy swassy  128 Jun 18 16:51  .git
-rw-r--r-- 1 swassy swassy   37 Jun 18 16:32  README.md
drwxr-xr-x 1 swassy swassy    0 Jun 18 16:33 'Week 6'
➜  genc git:(main) cd Week\ 6
➜  Week 6 git:(main) echo "Welcome to the version control" > welcome.txt
➜  Week 6 git:(main) ✗ ls -al
total 4
drwxr-xr-x 1 swassy swassy 22 Jun 18 16:52 .
drwxr-xr-x 1 swassy swassy 38 Jun 18 16:33 ..
-rw-r--r-- 1 swassy swassy 31 Jun 18 16:52 welcome.txt
➜  Week 6 git:(main) ✗ cat welcome.txt
Welcome to the version control
➜  Week 6 git:(main) ✗ git status
On branch main
Your branch is up to date with 'origin/main'.

Untracked files:
  (use "git add <file>..." to include in what will be committed)
	./

nothing added to commit but untracked files present (use "git add" to track)
➜  Week 6 git:(main) ✗ git add .
➜  Week 6 git:(main) ✗ git commit
Aborting commit due to empty commit message.
➜  Week 6 git:(main) ✗ git commit -m "welcome"
[main 9be6208] welcome
 1 file changed, 1 insertion(+)
 create mode 100644 Week 6/welcome.txt
➜  Week 6 git:(main) git status
On branch main
Your branch is ahead of 'origin/main' by 1 commit.
  (use "git push" to publish your local commits)

nothing to commit, working tree clean
➜  Week 6 git:(main) git push
Enumerating objects: 5, done.
Counting objects: 100% (5/5), done.
Delta compression using up to 16 threads
Compressing objects: 100% (2/2), done.
Writing objects: 100% (4/4), 611 bytes | 611.00 KiB/s, done.
Total 4 (delta 0), reused 0 (delta 0), pack-reused 0 (from 0)
To https://github.com/Swassyman/Digital-Nurture-JAVA-FSE-Solutions.git
   eeee30c..9be6208  main -> main
